---
source: src/parser.rs
assertion_line: 132
expression: robots
---
[
    RobotInfo {
        start_position: RobotPosition {
            coordinates: Coordinates {
                x: 3,
                y: 2,
            },
            orientation: North,
        },
        robot_commands: [
            Forward,
            Right,
            Right,
            Forward,
            Left,
            Left,
            Forward,
            Forward,
            Right,
            Right,
            Forward,
            Left,
            Left,
        ],
    },
]
